// Jest Snapshot v1, https://goo.gl/fbAQLP

exports[`renders correctly 1`] = `
<div
  className="panel panel-default"
  id={undefined}
>
  <div
    className="panel-heading"
  >
    Recipe Specs
  </div>
  <div
    className="panel-body"
  >
    <ul
      className="list-group"
    >
      <li
        className="list-group-item"
      >
        Type: 
        All Grain
      </li>
      <li
        className="list-group-item"
      >
        BatchSize: 
        23.02
      </li>
      <li
        className="list-group-item"
      >
        BoilSize: 
        37.1203164
      </li>
      <li
        className="list-group-item"
      >
        BoilTime: 
        90
      </li>
    </ul>
  </div>
</div>
`;
